MPASM  5.51             VOLTAGECONTROLLER.ASM   1-23-2024  14:51:31         PAGE  1


LOC  OBJECT CODE     LINE SOURCE TEXT
  VALUE

Warning[205]: Found directive in column 1. (LIST)
                      00001 LIST P=12F683 ; Lista de comandos para el PIC12F683
                      00002 #include <p12F683.inc> ; Archivo de definiciones del PIC
                      00001         LIST
                      00002 
                      00003 ;==========================================================================
                      00004 ;  MPASM PIC12F683 processor include
                      00005 ; 
                      00006 ;  (c) Copyright 1999-2013 Microchip Technology, All rights reserved
                      00007 ;==========================================================================
                      00008 
                      00459         LIST
                      00003 
Warning[205]: Found directive in column 1. (__CONFIG)
2007   30F4           00004 __CONFIG _FOSC_INTOSCIO & _WDTE_OFF & _PWRTE_OFF & _MCLRE_ON & _CP_OFF & _CPD_OFF & _BOREN_OFF & _IESO_O
                            FF & _FCMEN_OFF
                      00005 
  00000020            00006 VOLT            EQU 0X20
  00000021            00007 THRESHOLD       EQU 0X21
                      00008 
Warning[205]: Found directive in column 1. (ORG)
                      00009 ORG 0X00
Warning[203]: Found opcode in column 1. (MOVLW)
0000   3003           00010 MOVLW   3
Warning[203]: Found opcode in column 1. (MOVWF)
0001   00A1           00011 MOVWF   THRESHOLD
                      00012 
                      00013 ;CONFIGURACIONES INICIALES
Warning[203]: Found opcode in column 1. (BCF)
0002   1283           00014 BCF             STATUS,RP0
Warning[203]: Found opcode in column 1. (CLRF)
0003   0185           00015 CLRF    GPIO
Warning[203]: Found opcode in column 1. (MOVLW)
0004   3007           00016 MOVLW   0X07                                    ;Comparador apagado
Warning[203]: Found opcode in column 1. (MOVWF)
0005   0099           00017 MOVWF   CMCON0
Warning[203]: Found opcode in column 1. (MOVLW)
0006   3081           00018 MOVLW   b'10000001'                             ;ADFM justificado a la derecha, voltaje de referencia en
                             VDD,
Warning[203]: Found opcode in column 1. (MOVWF)
0007   009F           00019 MOVWF   ADCON0                                  ;AN0 seleccionado y modulo de ADC activo.
Warning[203]: Found opcode in column 1. (BSF)
0008   1683           00020 BSF             STATUS,RP0
Warning[203]: Found opcode in column 1. (MOVLW)
0009   3001           00021 MOVLW   b'00000001'                             ;Bit 0 configurado como analogo, los demas digitales.
Warning[203]: Found opcode in column 1. (MOVWF)
Message[302]: Register in operand not in bank 0.  Ensure that bank bits are correct.
000A   009F           00022 MOVWF   ANSEL           
Warning[203]: Found opcode in column 1. (MOVLW)
000B   3011           00023 MOVLW   b'00010001'                             ;GPIO 3 y 4 como entrada, el resto como salidas.
Warning[203]: Found opcode in column 1. (MOVWF)
Message[302]: Register in operand not in bank 0.  Ensure that bank bits are correct.
000C   0085           00024 MOVWF   TRISIO
MPASM  5.51             VOLTAGECONTROLLER.ASM   1-23-2024  14:51:31         PAGE  2


LOC  OBJECT CODE     LINE SOURCE TEXT
  VALUE

Warning[203]: Found opcode in column 1. (MOVLW)
000D   3060           00025 MOVLW   b'01100000'                             ;OSCCON configurado a 4MHz
Warning[204]: Found pseudo-op in column 1. (MOVFW)
Message[302]: Register in operand not in bank 0.  Ensure that bank bits are correct.
000E   080F           00026 MOVFW   OSCCON
Warning[203]: Found opcode in column 1. (MOVLW)
000F   3040           00027 MOVLW   0X40
Warning[203]: Found opcode in column 1. (MOVWF)
0010   008C           00028 MOVWF   PIR1                                    ;Bandera de interrupcion para el ADC.
Warning[203]: Found opcode in column 1. (MOVLW)
0011   3000           00029 MOVLW   0x00
Warning[203]: Found opcode in column 1. (MOVWF)
0012   008B           00030 MOVWF   INTCON                                  ;Activar interrupciones globales.
Warning[203]: Found opcode in column 1. (BCF)
0013   1283           00031 BCF             STATUS,RP0
                      00032 
                      00033 ;Bucle principal
0014   1E05           00034 Switch_on               BTFSS   GPIO,   4
0015   2???           00035                         GOTO    Switch_on
0016   2???           00036                         GOTO    ON
                      00037 
                      00038 ;Revision de tensión
0017   1A05           00039 Switch_off                      BTFSC   GPIO,   4
0018   2???           00040                                         GOTO    V_check
0019   2???           00041                                         GOTO    OFF
001A   3083           00042 V_check                         MOVLW   0x83                            ;Lee AN0 y se guarda en la varia
                            ble VOLT.
001B   009F           00043                                         MOVWF   ADCON0
001C   1F0C           00044 goback                          BTFSS   PIR1,   6
001D   2???           00045                                         GOTO    goback
001E   130C           00046                                         BCF             PIR1,   6
Message[302]: Register in operand not in bank 0.  Ensure that bank bits are correct.
001F   081E           00047                                         MOVF    ADRESL, 0
0020   00A0           00048                                         MOVWF   VOLT
0021   0821           00049                                         MOVF    THRESHOLD,      0               
0022   0220           00050                                         SUBWF   VOLT,0                          ;Realiza la resta de ent
                            re VOLT y THRESHOLD (VOLT - THRESHOLD)
0023   1803           00051                                         BTFSC   STATUS,C                        ;Verificar si la resta p
                            roduce Borrow
0024   2???           00052                                         GOTO    ON                                      ;Corriente menor
                             al umbral
0025   2???           00053                                         GOTO    OFF                                     ;Corriente mayor
                             al umbral      
                      00054                                         
                      00055 ;ON/OFF
0026   1685           00056 ON                                      BSF             GPIO,   5                       ;Encender motor
0027   2???           00057                                         GOTO    Switch_off
0028   1285           00058 OFF                                     BCF             GPIO,   5                       ;Apagar motor de
                            l molino por sobrevoltaje o por fin de operación
0029   2???           00059                                         GOTO    Switch_on
                      00060 
Warning[205]: Found directive in column 1. (END)
30F4                  00061 END
MPASM  5.51             VOLTAGECONTROLLER.ASM   1-23-2024  14:51:31         PAGE  3


SYMBOL TABLE
  LABEL                             VALUE 

ADCON0                            0000001F
ADCS0                             00000004
ADCS1                             00000005
ADCS2                             00000006
ADFM                              00000007
ADIE                              00000006
ADIF                              00000006
ADON                              00000000
ADRESH                            0000001E
ADRESL                            0000009E
ANS0                              00000000
ANS1                              00000001
ANS2                              00000002
ANS3                              00000003
ANSEL                             0000009F
C                                 00000000
CCP1CON                           00000015
CCP1IE                            00000005
CCP1IF                            00000005
CCP1M0                            00000000
CCP1M1                            00000001
CCP1M2                            00000002
CCP1M3                            00000003
CCPR1                             00000013
CCPR1H                            00000014
CCPR1L                            00000013
CHS0                              00000002
CHS1                              00000003
CHS2                              00000004
CINV                              00000004
CIS                               00000003
CM0                               00000000
CM1                               00000001
CM2                               00000002
CMCON0                            00000019
CMCON1                            0000001A
CMIE                              00000003
CMIF                              00000003
CMSYNC                            00000000
COUT                              00000006
DC                                00000001
DC1B0                             00000004
DC1B1                             00000005
EEADR                             0000009B
EECON1                            0000009C
EECON2                            0000009D
EEDAT                             0000009A
EEDATA                            0000009A
EEIE                              00000007
EEIF                              00000007
F                                 00000001
FSR                               00000004
GIE                               00000007
MPASM  5.51             VOLTAGECONTROLLER.ASM   1-23-2024  14:51:31         PAGE  4


SYMBOL TABLE
  LABEL                             VALUE 

GO                                00000001
GO_DONE                           00000001
GO_NOT_DONE                       00000001
GP0                               00000000
GP1                               00000001
GP2                               00000002
GP3                               00000003
GP4                               00000004
GP5                               00000005
GPIE                              00000003
GPIF                              00000000
GPIO                              00000005
HTS                               00000002
INDF                              00000000
INTCON                            0000000B
INTE                              00000004
INTEDG                            00000006
INTF                              00000001
IOC                               00000096
IOC0                              00000000
IOC1                              00000001
IOC2                              00000002
IOC3                              00000003
IOC4                              00000004
IOC5                              00000005
IOCA                              00000096
IOCA0                             00000000
IOCA1                             00000001
IOCA2                             00000002
IOCA3                             00000003
IOCA4                             00000004
IOCA5                             00000005
IRCF0                             00000004
IRCF1                             00000005
IRCF2                             00000006
IRP                               00000007
LTS                               00000001
NOT_BOD                           00000000
NOT_DONE                          00000001
NOT_GPPU                          00000007
NOT_PD                            00000003
NOT_POR                           00000001
NOT_T1SYNC                        00000002
NOT_TO                            00000004
OFF                               00000028
ON                                00000026
OPTION_REG                        00000081
OSCCON                            0000008F
OSCTUNE                           00000090
OSFIE                             00000002
OSFIF                             00000002
OSTS                              00000003
PCL                               00000002
MPASM  5.51             VOLTAGECONTROLLER.ASM   1-23-2024  14:51:31         PAGE  5


SYMBOL TABLE
  LABEL                             VALUE 

PCLATH                            0000000A
PCON                              0000008E
PEIE                              00000006
PIE1                              0000008C
PIR1                              0000000C
PR2                               00000092
PS0                               00000000
PS1                               00000001
PS2                               00000002
PSA                               00000003
RD                                00000000
RP0                               00000005
RP1                               00000006
SBODEN                            00000004
SCS                               00000000
STATUS                            00000003
SWDTEN                            00000000
Switch_off                        00000017
Switch_on                         00000014
T0CS                              00000005
T0IE                              00000005
T0IF                              00000002
T0SE                              00000004
T1CKPS0                           00000004
T1CKPS1                           00000005
T1CON                             00000010
T1GE                              00000006
T1GINV                            00000007
T1GSS                             00000001
T1IE                              00000000
T1IF                              00000000
T1OSCEN                           00000003
T2CKPS0                           00000000
T2CKPS1                           00000001
T2CON                             00000012
T2IE                              00000001
T2IF                              00000001
THRESHOLD                         00000021
TMR0                              00000001
TMR0IE                            00000005
TMR0IF                            00000002
TMR1                              0000000E
TMR1CS                            00000001
TMR1GE                            00000006
TMR1H                             0000000F
TMR1IE                            00000000
TMR1IF                            00000000
TMR1L                             0000000E
TMR1ON                            00000000
TMR2                              00000011
TMR2IE                            00000001
TMR2IF                            00000001
TMR2ON                            00000002
MPASM  5.51             VOLTAGECONTROLLER.ASM   1-23-2024  14:51:31         PAGE  6


SYMBOL TABLE
  LABEL                             VALUE 

TOUTPS0                           00000003
TOUTPS1                           00000004
TOUTPS2                           00000005
TOUTPS3                           00000006
TRISIO                            00000085
TRISIO0                           00000000
TRISIO1                           00000001
TRISIO2                           00000002
TRISIO3                           00000003
TRISIO4                           00000004
TRISIO5                           00000005
TUN0                              00000000
TUN1                              00000001
TUN2                              00000002
TUN3                              00000003
TUN4                              00000004
ULPWUE                            00000005
VCFG                              00000006
VOLT                              00000020
VR0                               00000000
VR1                               00000001
VR2                               00000002
VR3                               00000003
VRCON                             00000099
VREN                              00000007
VRR                               00000005
V_check                           0000001A
W                                 00000000
WDTCON                            00000018
WDTPS0                            00000001
WDTPS1                            00000002
WDTPS2                            00000003
WDTPS3                            00000004
WPU                               00000095
WPU0                              00000000
WPU1                              00000001
WPU2                              00000002
WPU4                              00000004
WPU5                              00000005
WPUA                              00000095
WPUA0                             00000000
WPUA1                             00000001
WPUA2                             00000002
WPUA4                             00000004
WPUA5                             00000005
WR                                00000001
WREN                              00000002
WRERR                             00000003
Z                                 00000002
_BOD_NSLEEP                       00003EFF
_BOD_OFF                          00003CFF
_BOD_ON                           00003FFF
_BOD_SBODEN                       00003DFF
MPASM  5.51             VOLTAGECONTROLLER.ASM   1-23-2024  14:51:31         PAGE  7


SYMBOL TABLE
  LABEL                             VALUE 

_BOREN_NSLEEP                     00003EFF
_BOREN_OFF                        00003CFF
_BOREN_ON                         00003FFF
_BOREN_SBODEN                     00003DFF
_CONFIG                           00002007
_CPD_OFF                          00003FFF
_CPD_ON                           00003F7F
_CP_OFF                           00003FFF
_CP_ON                            00003FBF
_DEVID1                           00002006
_EC_OSC                           00003FFB
_EXTRC                            00003FFF
_EXTRCIO                          00003FFE
_EXTRC_OSC_CLKOUT                 00003FFF
_EXTRC_OSC_NOCLKOUT               00003FFE
_FCMEN_OFF                        000037FF
_FCMEN_ON                         00003FFF
_FOSC_EC                          00003FFB
_FOSC_EXTRCCLK                    00003FFF
_FOSC_EXTRCIO                     00003FFE
_FOSC_HS                          00003FFA
_FOSC_INTOSCCLK                   00003FFD
_FOSC_INTOSCIO                    00003FFC
_FOSC_LP                          00003FF8
_FOSC_XT                          00003FF9
_HS_OSC                           00003FFA
_IDLOC0                           00002000
_IDLOC1                           00002001
_IDLOC2                           00002002
_IDLOC3                           00002003
_IESO_OFF                         00003BFF
_IESO_ON                          00003FFF
_INTOSC                           00003FFD
_INTOSCIO                         00003FFC
_INTRC_OSC_CLKOUT                 00003FFD
_INTRC_OSC_NOCLKOUT               00003FFC
_LP_OSC                           00003FF8
_MCLRE_OFF                        00003FDF
_MCLRE_ON                         00003FFF
_PWRTE_OFF                        00003FFF
_PWRTE_ON                         00003FEF
_WDTE_OFF                         00003FF7
_WDTE_ON                          00003FFF
_WDT_OFF                          00003FF7
_WDT_ON                           00003FFF
_XT_OSC                           00003FF9
__12F683                          00000001
__DEBUG                           1
goback                            0000001C

MPASM  5.51             VOLTAGECONTROLLER.ASM   1-23-2024  14:51:31         PAGE  8





Errors   :     0
Warnings :    24 reported,     0 suppressed
Messages :     4 reported,     0 suppressed

