MPLINK 4.49, Linker
Linker Map File - Created Tue Jan 23 14:51:32 2024

                                 Section Info
                  Section       Type    Address   Location Size(Bytes)
                ---------  ---------  ---------  ---------  ---------
                   .org_0       code   0x000000    program   0x000054
                   .cinit    romdata   0x00002a    program   0x000004
.config_2007_VOLTAGECONTROLLER.O       code   0x002007    program   0x000002



                              Program Memory Usage 
                               Start         End      
                           ---------   ---------      
                            0x000000    0x00002b      
                            0x002007    0x002007      
            45 out of 2310 program addresses used, program memory utilization is 1%



                              Symbols - Sorted by Name
                     Name    Address   Location    Storage File                     
                ---------  ---------  ---------  --------- ---------                
                      OFF   0x000028    program     static C:\Users\javie\OneDrive\Escritorio\VoltageControl\VoltageController.asm
                       ON   0x000026    program     static C:\Users\javie\OneDrive\Escritorio\VoltageControl\VoltageController.asm
               Switch_off   0x000017    program     static C:\Users\javie\OneDrive\Escritorio\VoltageControl\VoltageController.asm
                Switch_on   0x000014    program     static C:\Users\javie\OneDrive\Escritorio\VoltageControl\VoltageController.asm
                  V_check   0x00001a    program     static C:\Users\javie\OneDrive\Escritorio\VoltageControl\VoltageController.asm
                   goback   0x00001c    program     static C:\Users\javie\OneDrive\Escritorio\VoltageControl\VoltageController.asm



                              Symbols - Sorted by Address
                     Name    Address   Location    Storage File                     
                ---------  ---------  ---------  --------- ---------                
                Switch_on   0x000014    program     static C:\Users\javie\OneDrive\Escritorio\VoltageControl\VoltageController.asm
               Switch_off   0x000017    program     static C:\Users\javie\OneDrive\Escritorio\VoltageControl\VoltageController.asm
                  V_check   0x00001a    program     static C:\Users\javie\OneDrive\Escritorio\VoltageControl\VoltageController.asm
                   goback   0x00001c    program     static C:\Users\javie\OneDrive\Escritorio\VoltageControl\VoltageController.asm
                       ON   0x000026    program     static C:\Users\javie\OneDrive\Escritorio\VoltageControl\VoltageController.asm
                      OFF   0x000028    program     static C:\Users\javie\OneDrive\Escritorio\VoltageControl\VoltageController.asm


